2026-10-01 14:00:51.007926: E external/local_xla/xla/stream_executor/cuda/cuda_fft.cc:479] Unable to register cuFFT factory: Attempting to register factory for plugin cuFFT when one has already been registered
2026-10-01 14:00:51.034906: E external/local_xla/xla/stream_executor/cuda/cuda_dnn.cc:10575] Unable to register cuDNN factory: Attempting to register factory for plugin cuDNN when one has already been registered
2026-10-01 14:00:51.035001: E external/local_xla/xla/stream_executor/cuda/cuda_blas.cc:1442] Unable to register cuBLAS factory: Attempting to register factory for plugin cuBLAS when one has already been registered
14:00:59 - src.utils.config_validator - INFO - Configuration validation passed
======================================================================
BASELINE EXPERIMENT
======================================================================
  Layers: 6   Qubits: 8
  Cost function: global
  Total updates: 2500
  Learning rate: 0.01   Batch size: 20
  Seed index: 15
  data_seed=87  init_seed=88  training_seed=89
  Train size: 1000   Test size: 200
No checkpoint found in results/baseline/depth_6/seed_15/checkpoint; starting fresh
2026-10-01 14:01:04.094975: E tensorflow/core/util/util.cc:131] oneDNN supports DT_STRING only on platforms with AVX-512. Falling back to the default Eigen-based implementation if present.
WARNING: All log messages before absl::InitializeLog() is called are written to STDERR
I0000 00:00:1790845266.194779   57842 service.cc:145] XLA service 0x61e51c61c950 initialized for platform CUDA (this does not guarantee that XLA will be used). Devices:
I0000 00:00:1790845266.194896   57842 service.cc:153]   StreamExecutor device (0): NVIDIA GeForce GTX 1650, Compute Capability 7.5
I0000 00:00:1790845266.360172   57842 device_compiler.h:188] Compiled cluster using XLA!  This line is logged at most once for the lifetime of the process.
WARNING:tensorflow:5 out of the last 5 calls to <function pfor.<locals>.f at 0x7609ee9a9620> triggered tf.function retracing. Tracing is expensive and the excessive number of tracings could be due to (1) creating @tf.function repeatedly in a loop, (2) passing tensors with different shapes, (3) passing Python objects instead of tensors. For (1), please define your @tf.function outside of the loop. For (2), @tf.function has reduce_retracing=True option that can avoid unnecessary retracing. For (3), please refer to https://www.tensorflow.org/guide/function#controlling_retracing and https://www.tensorflow.org/api_docs/python/tf/function for  more details.
14:03:53 - tensorflow - WARNING - 5 out of the last 5 calls to <function pfor.<locals>.f at 0x7609ee9a9620> triggered tf.function retracing. Tracing is expensive and the excessive number of tracings could be due to (1) creating @tf.function repeatedly in a loop, (2) passing tensors with different shapes, (3) passing Python objects instead of tensors. For (1), please define your @tf.function outside of the loop. For (2), @tf.function has reduce_retracing=True option that can avoid unnecessary retracing. For (3), please refer to https://www.tensorflow.org/guide/function#controlling_retracing and https://www.tensorflow.org/api_docs/python/tf/function for  more details.
WARNING:tensorflow:6 out of the last 6 calls to <function pfor.<locals>.f at 0x7609ee94dd00> triggered tf.function retracing. Tracing is expensive and the excessive number of tracings could be due to (1) creating @tf.function repeatedly in a loop, (2) passing tensors with different shapes, (3) passing Python objects instead of tensors. For (1), please define your @tf.function outside of the loop. For (2), @tf.function has reduce_retracing=True option that can avoid unnecessary retracing. For (3), please refer to https://www.tensorflow.org/guide/function#controlling_retracing and https://www.tensorflow.org/api_docs/python/tf/function for  more details.
14:04:26 - tensorflow - WARNING - 6 out of the last 6 calls to <function pfor.<locals>.f at 0x7609ee94dd00> triggered tf.function retracing. Tracing is expensive and the excessive number of tracings could be due to (1) creating @tf.function repeatedly in a loop, (2) passing tensors with different shapes, (3) passing Python objects instead of tensors. For (1), please define your @tf.function outside of the loop. For (2), @tf.function has reduce_retracing=True option that can avoid unnecessary retracing. For (3), please refer to https://www.tensorflow.org/guide/function#controlling_retracing and https://www.tensorflow.org/api_docs/python/tf/function for  more details.
14:29:14 - absl - INFO - Sharding callback duration: 25
Checkpoint saved at step 500
14:56:23 - absl - INFO - Sharding callback duration: 29
Checkpoint saved at step 1000
15:22:13 - absl - INFO - Sharding callback duration: 33
Checkpoint saved at step 1500
15:48:39 - absl - INFO - Sharding callback duration: 13
Checkpoint saved at step 2000
16:16:23 - absl - INFO - Sharding callback duration: 10
Checkpoint saved at step 2500
Saved plot to results/baseline/depth_6/seed_15/training_history.png

======================================================================
EXPERIMENT SUMMARY
======================================================================
  Test accuracy: 89.50%
  Test loss:     0.3406
  Training time: 8121.17s
  Mean param-gradient variance: 8.915e-03
  n_parameters:  96
  Metrics saved to: results/baseline/depth_6/seed_15/metrics.json
======================================================================
