2026-10-01 11:33:57.991551: E external/local_xla/xla/stream_executor/cuda/cuda_fft.cc:479] Unable to register cuFFT factory: Attempting to register factory for plugin cuFFT when one has already been registered
2026-10-01 11:33:58.043895: E external/local_xla/xla/stream_executor/cuda/cuda_dnn.cc:10575] Unable to register cuDNN factory: Attempting to register factory for plugin cuDNN when one has already been registered
2026-10-01 11:33:58.044288: E external/local_xla/xla/stream_executor/cuda/cuda_blas.cc:1442] Unable to register cuBLAS factory: Attempting to register factory for plugin cuBLAS when one has already been registered
11:34:12 - src.utils.config_validator - INFO - Configuration validation passed
======================================================================
BASELINE EXPERIMENT
======================================================================
  Layers: 6   Qubits: 8
  Cost function: global
  Total updates: 2500
  Learning rate: 0.01   Batch size: 20
  Seed index: 14
  data_seed=84  init_seed=85  training_seed=86
  Train size: 1000   Test size: 200
No checkpoint found in results/baseline/depth_6/seed_14/checkpoint; starting fresh
2026-10-01 11:34:21.357964: E tensorflow/core/util/util.cc:131] oneDNN supports DT_STRING only on platforms with AVX-512. Falling back to the default Eigen-based implementation if present.
WARNING: All log messages before absl::InitializeLog() is called are written to STDERR
I0000 00:00:1790836465.028162   34807 service.cc:145] XLA service 0x55f074268930 initialized for platform CUDA (this does not guarantee that XLA will be used). Devices:
I0000 00:00:1790836465.028362   34807 service.cc:153]   StreamExecutor device (0): NVIDIA GeForce GTX 1650, Compute Capability 7.5
I0000 00:00:1790836465.237246   34807 device_compiler.h:188] Compiled cluster using XLA!  This line is logged at most once for the lifetime of the process.
WARNING:tensorflow:5 out of the last 5 calls to <function pfor.<locals>.f at 0x7abae518bd80> triggered tf.function retracing. Tracing is expensive and the excessive number of tracings could be due to (1) creating @tf.function repeatedly in a loop, (2) passing tensors with different shapes, (3) passing Python objects instead of tensors. For (1), please define your @tf.function outside of the loop. For (2), @tf.function has reduce_retracing=True option that can avoid unnecessary retracing. For (3), please refer to https://www.tensorflow.org/guide/function#controlling_retracing and https://www.tensorflow.org/api_docs/python/tf/function for  more details.
11:37:29 - tensorflow - WARNING - 5 out of the last 5 calls to <function pfor.<locals>.f at 0x7abae518bd80> triggered tf.function retracing. Tracing is expensive and the excessive number of tracings could be due to (1) creating @tf.function repeatedly in a loop, (2) passing tensors with different shapes, (3) passing Python objects instead of tensors. For (1), please define your @tf.function outside of the loop. For (2), @tf.function has reduce_retracing=True option that can avoid unnecessary retracing. For (3), please refer to https://www.tensorflow.org/guide/function#controlling_retracing and https://www.tensorflow.org/api_docs/python/tf/function for  more details.
WARNING:tensorflow:6 out of the last 6 calls to <function pfor.<locals>.f at 0x7abae518bd80> triggered tf.function retracing. Tracing is expensive and the excessive number of tracings could be due to (1) creating @tf.function repeatedly in a loop, (2) passing tensors with different shapes, (3) passing Python objects instead of tensors. For (1), please define your @tf.function outside of the loop. For (2), @tf.function has reduce_retracing=True option that can avoid unnecessary retracing. For (3), please refer to https://www.tensorflow.org/guide/function#controlling_retracing and https://www.tensorflow.org/api_docs/python/tf/function for  more details.
11:38:06 - tensorflow - WARNING - 6 out of the last 6 calls to <function pfor.<locals>.f at 0x7abae518bd80> triggered tf.function retracing. Tracing is expensive and the excessive number of tracings could be due to (1) creating @tf.function repeatedly in a loop, (2) passing tensors with different shapes, (3) passing Python objects instead of tensors. For (1), please define your @tf.function outside of the loop. For (2), @tf.function has reduce_retracing=True option that can avoid unnecessary retracing. For (3), please refer to https://www.tensorflow.org/guide/function#controlling_retracing and https://www.tensorflow.org/api_docs/python/tf/function for  more details.
12:02:50 - absl - INFO - Sharding callback duration: 26
Checkpoint saved at step 500
12:33:37 - absl - INFO - Sharding callback duration: 22
Checkpoint saved at step 1000
13:04:53 - absl - INFO - Sharding callback duration: 18
Checkpoint saved at step 1500
13:31:34 - absl - INFO - Sharding callback duration: 12
Checkpoint saved at step 2000
14:00:44 - absl - INFO - Sharding callback duration: 16
Checkpoint saved at step 2500
Saved plot to results/baseline/depth_6/seed_14/training_history.png

======================================================================
EXPERIMENT SUMMARY
======================================================================
  Test accuracy: 84.00%
  Test loss:     0.3513
  Training time: 8788.33s
  Mean param-gradient variance: 3.976e-03
  n_parameters:  96
  Metrics saved to: results/baseline/depth_6/seed_14/metrics.json
======================================================================
