2026-10-03 12:02:40.488698: E external/local_xla/xla/stream_executor/cuda/cuda_fft.cc:479] Unable to register cuFFT factory: Attempting to register factory for plugin cuFFT when one has already been registered
2026-10-03 12:02:40.523365: E external/local_xla/xla/stream_executor/cuda/cuda_dnn.cc:10575] Unable to register cuDNN factory: Attempting to register factory for plugin cuDNN when one has already been registered
2026-10-03 12:02:40.523564: E external/local_xla/xla/stream_executor/cuda/cuda_blas.cc:1442] Unable to register cuBLAS factory: Attempting to register factory for plugin cuBLAS when one has already been registered
12:02:47 - src.utils.config_validator - INFO - Configuration validation passed
======================================================================
LAYERWISE EXPERIMENT
======================================================================
  Layers: 6   Qubits: 8
  Cost function: global
  Total updates: 2500
  Learning rate: 0.01   Batch size: 20
  Seed index: 4
  data_seed=54  init_seed=55  training_seed=56
  Train size: 1000   Test size: 200
2026-10-03 12:02:54.820585: E tensorflow/core/util/util.cc:131] oneDNN supports DT_STRING only on platforms with AVX-512. Falling back to the default Eigen-based implementation if present.
WARNING: All log messages before absl::InitializeLog() is called are written to STDERR
I0000 00:00:1791010975.254690   87634 service.cc:145] XLA service 0x5a45abd0fd20 initialized for platform CUDA (this does not guarantee that XLA will be used). Devices:
I0000 00:00:1791010975.254768   87634 service.cc:153]   StreamExecutor device (0): NVIDIA GeForce GTX 1650, Compute Capability 7.5
I0000 00:00:1791010975.342895   87634 device_compiler.h:188] Compiled cluster using XLA!  This line is logged at most once for the lifetime of the process.
WARNING:tensorflow:5 out of the last 5 calls to <function pfor.<locals>.f at 0x712475203a60> triggered tf.function retracing. Tracing is expensive and the excessive number of tracings could be due to (1) creating @tf.function repeatedly in a loop, (2) passing tensors with different shapes, (3) passing Python objects instead of tensors. For (1), please define your @tf.function outside of the loop. For (2), @tf.function has reduce_retracing=True option that can avoid unnecessary retracing. For (3), please refer to https://www.tensorflow.org/guide/function#controlling_retracing and https://www.tensorflow.org/api_docs/python/tf/function for  more details.
12:03:07 - tensorflow - WARNING - 5 out of the last 5 calls to <function pfor.<locals>.f at 0x712475203a60> triggered tf.function retracing. Tracing is expensive and the excessive number of tracings could be due to (1) creating @tf.function repeatedly in a loop, (2) passing tensors with different shapes, (3) passing Python objects instead of tensors. For (1), please define your @tf.function outside of the loop. For (2), @tf.function has reduce_retracing=True option that can avoid unnecessary retracing. For (3), please refer to https://www.tensorflow.org/guide/function#controlling_retracing and https://www.tensorflow.org/api_docs/python/tf/function for  more details.
WARNING:tensorflow:6 out of the last 6 calls to <function pfor.<locals>.f at 0x712475202c00> triggered tf.function retracing. Tracing is expensive and the excessive number of tracings could be due to (1) creating @tf.function repeatedly in a loop, (2) passing tensors with different shapes, (3) passing Python objects instead of tensors. For (1), please define your @tf.function outside of the loop. For (2), @tf.function has reduce_retracing=True option that can avoid unnecessary retracing. For (3), please refer to https://www.tensorflow.org/guide/function#controlling_retracing and https://www.tensorflow.org/api_docs/python/tf/function for  more details.
12:03:09 - tensorflow - WARNING - 6 out of the last 6 calls to <function pfor.<locals>.f at 0x712475202c00> triggered tf.function retracing. Tracing is expensive and the excessive number of tracings could be due to (1) creating @tf.function repeatedly in a loop, (2) passing tensors with different shapes, (3) passing Python objects instead of tensors. For (1), please define your @tf.function outside of the loop. For (2), @tf.function has reduce_retracing=True option that can avoid unnecessary retracing. For (3), please refer to https://www.tensorflow.org/guide/function#controlling_retracing and https://www.tensorflow.org/api_docs/python/tf/function for  more details.
Saved plot to results/layerwise/depth_6/seed_4/training_history.png

======================================================================
EXPERIMENT SUMMARY
======================================================================
  Test accuracy: 91.50%
  Test loss:     0.2994
  Training time: 2230.67s
  Budget split:  {'per_stage': 357, 'finetune': 358}
  Mean param-gradient variance: 5.874e-03
  n_parameters:  96
  Metrics saved to: results/layerwise/depth_6/seed_4/metrics.json
======================================================================
