2026-09-09 14:24:02.804705: E external/local_xla/xla/stream_executor/cuda/cuda_fft.cc:479] Unable to register cuFFT factory: Attempting to register factory for plugin cuFFT when one has already been registered
2026-09-09 14:24:02.845833: E external/local_xla/xla/stream_executor/cuda/cuda_dnn.cc:10575] Unable to register cuDNN factory: Attempting to register factory for plugin cuDNN when one has already been registered
2026-09-09 14:24:02.845999: E external/local_xla/xla/stream_executor/cuda/cuda_blas.cc:1442] Unable to register cuBLAS factory: Attempting to register factory for plugin cuBLAS when one has already been registered
14:24:14 - src.utils.config_validator - INFO - Configuration validation passed
======================================================================
BASELINE EXPERIMENT
======================================================================
  Layers: 6   Qubits: 8
  Cost function: global
  Total updates: 2500
  Learning rate: 0.01   Batch size: 20
  Seed index: 10
  data_seed=72  init_seed=73  training_seed=74
  Train size: 1000   Test size: 200
No checkpoint found in results/baseline/depth_6/seed_10/checkpoint; starting fresh
2026-09-09 14:24:19.115148: E tensorflow/core/util/util.cc:131] oneDNN supports DT_STRING only on platforms with AVX-512. Falling back to the default Eigen-based implementation if present.
WARNING: All log messages before absl::InitializeLog() is called are written to STDERR
I0000 00:00:1788945861.650510   16038 service.cc:145] XLA service 0x582bfa930e20 initialized for platform CUDA (this does not guarantee that XLA will be used). Devices:
I0000 00:00:1788945861.650634   16038 service.cc:153]   StreamExecutor device (0): NVIDIA GeForce GTX 1650, Compute Capability 7.5
I0000 00:00:1788945861.823135   16038 device_compiler.h:188] Compiled cluster using XLA!  This line is logged at most once for the lifetime of the process.
WARNING:tensorflow:5 out of the last 5 calls to <function pfor.<locals>.f at 0x7f03bd9e2980> triggered tf.function retracing. Tracing is expensive and the excessive number of tracings could be due to (1) creating @tf.function repeatedly in a loop, (2) passing tensors with different shapes, (3) passing Python objects instead of tensors. For (1), please define your @tf.function outside of the loop. For (2), @tf.function has reduce_retracing=True option that can avoid unnecessary retracing. For (3), please refer to https://www.tensorflow.org/guide/function#controlling_retracing and https://www.tensorflow.org/api_docs/python/tf/function for  more details.
14:27:21 - tensorflow - WARNING - 5 out of the last 5 calls to <function pfor.<locals>.f at 0x7f03bd9e2980> triggered tf.function retracing. Tracing is expensive and the excessive number of tracings could be due to (1) creating @tf.function repeatedly in a loop, (2) passing tensors with different shapes, (3) passing Python objects instead of tensors. For (1), please define your @tf.function outside of the loop. For (2), @tf.function has reduce_retracing=True option that can avoid unnecessary retracing. For (3), please refer to https://www.tensorflow.org/guide/function#controlling_retracing and https://www.tensorflow.org/api_docs/python/tf/function for  more details.
WARNING:tensorflow:6 out of the last 6 calls to <function pfor.<locals>.f at 0x7f03bd55f9c0> triggered tf.function retracing. Tracing is expensive and the excessive number of tracings could be due to (1) creating @tf.function repeatedly in a loop, (2) passing tensors with different shapes, (3) passing Python objects instead of tensors. For (1), please define your @tf.function outside of the loop. For (2), @tf.function has reduce_retracing=True option that can avoid unnecessary retracing. For (3), please refer to https://www.tensorflow.org/guide/function#controlling_retracing and https://www.tensorflow.org/api_docs/python/tf/function for  more details.
14:27:54 - tensorflow - WARNING - 6 out of the last 6 calls to <function pfor.<locals>.f at 0x7f03bd55f9c0> triggered tf.function retracing. Tracing is expensive and the excessive number of tracings could be due to (1) creating @tf.function repeatedly in a loop, (2) passing tensors with different shapes, (3) passing Python objects instead of tensors. For (1), please define your @tf.function outside of the loop. For (2), @tf.function has reduce_retracing=True option that can avoid unnecessary retracing. For (3), please refer to https://www.tensorflow.org/guide/function#controlling_retracing and https://www.tensorflow.org/api_docs/python/tf/function for  more details.
14:54:12 - absl - INFO - Sharding callback duration: 38
Checkpoint saved at step 500
15:21:37 - absl - INFO - Sharding callback duration: 17
Checkpoint saved at step 1000
15:50:19 - absl - INFO - Sharding callback duration: 22
Checkpoint saved at step 1500
16:19:25 - absl - INFO - Sharding callback duration: 11
Checkpoint saved at step 2000
16:46:27 - absl - INFO - Sharding callback duration: 11
Checkpoint saved at step 2500
Saved plot to results/baseline/depth_6/seed_10/training_history.png

======================================================================
EXPERIMENT SUMMARY
======================================================================
  Test accuracy: 88.00%
  Test loss:     0.3244
  Training time: 8530.91s
  Mean param-gradient variance: 7.187e-03
  n_parameters:  96
  Metrics saved to: results/baseline/depth_6/seed_10/metrics.json
======================================================================
