2026-10-02 19:56:47.088207: E external/local_xla/xla/stream_executor/cuda/cuda_fft.cc:479] Unable to register cuFFT factory: Attempting to register factory for plugin cuFFT when one has already been registered
2026-10-02 19:56:47.210800: E external/local_xla/xla/stream_executor/cuda/cuda_dnn.cc:10575] Unable to register cuDNN factory: Attempting to register factory for plugin cuDNN when one has already been registered
2026-10-02 19:56:47.211153: E external/local_xla/xla/stream_executor/cuda/cuda_blas.cc:1442] Unable to register cuBLAS factory: Attempting to register factory for plugin cuBLAS when one has already been registered
19:57:00 - src.utils.config_validator - INFO - Configuration validation passed
======================================================================
BASELINE EXPERIMENT
======================================================================
  Layers: 6   Qubits: 8
  Cost function: global
  Total updates: 2500
  Learning rate: 0.01   Batch size: 20
  Seed index: 19
  data_seed=99  init_seed=100  training_seed=101
  Train size: 1000   Test size: 200
Resuming from step 1000 of 2500 (checkpoint results/baseline/depth_6/seed_19/checkpoint/ckpt-2)
2026-10-02 19:57:04.748975: E tensorflow/core/util/util.cc:131] oneDNN supports DT_STRING only on platforms with AVX-512. Falling back to the default Eigen-based implementation if present.
WARNING: All log messages before absl::InitializeLog() is called are written to STDERR
I0000 00:00:1790953027.482117    1440 service.cc:145] XLA service 0x56ec28f91ab0 initialized for platform CUDA (this does not guarantee that XLA will be used). Devices:
I0000 00:00:1790953027.482291    1440 service.cc:153]   StreamExecutor device (0): NVIDIA GeForce GTX 1650, Compute Capability 7.5
I0000 00:00:1790953027.598350    1440 device_compiler.h:188] Compiled cluster using XLA!  This line is logged at most once for the lifetime of the process.
WARNING:tensorflow:5 out of the last 5 calls to <function pfor.<locals>.f at 0x7fa364bd7f60> triggered tf.function retracing. Tracing is expensive and the excessive number of tracings could be due to (1) creating @tf.function repeatedly in a loop, (2) passing tensors with different shapes, (3) passing Python objects instead of tensors. For (1), please define your @tf.function outside of the loop. For (2), @tf.function has reduce_retracing=True option that can avoid unnecessary retracing. For (3), please refer to https://www.tensorflow.org/guide/function#controlling_retracing and https://www.tensorflow.org/api_docs/python/tf/function for  more details.
20:00:01 - tensorflow - WARNING - 5 out of the last 5 calls to <function pfor.<locals>.f at 0x7fa364bd7f60> triggered tf.function retracing. Tracing is expensive and the excessive number of tracings could be due to (1) creating @tf.function repeatedly in a loop, (2) passing tensors with different shapes, (3) passing Python objects instead of tensors. For (1), please define your @tf.function outside of the loop. For (2), @tf.function has reduce_retracing=True option that can avoid unnecessary retracing. For (3), please refer to https://www.tensorflow.org/guide/function#controlling_retracing and https://www.tensorflow.org/api_docs/python/tf/function for  more details.
WARNING:tensorflow:6 out of the last 6 calls to <function pfor.<locals>.f at 0x7fa364bd7ec0> triggered tf.function retracing. Tracing is expensive and the excessive number of tracings could be due to (1) creating @tf.function repeatedly in a loop, (2) passing tensors with different shapes, (3) passing Python objects instead of tensors. For (1), please define your @tf.function outside of the loop. For (2), @tf.function has reduce_retracing=True option that can avoid unnecessary retracing. For (3), please refer to https://www.tensorflow.org/guide/function#controlling_retracing and https://www.tensorflow.org/api_docs/python/tf/function for  more details.
20:00:35 - tensorflow - WARNING - 6 out of the last 6 calls to <function pfor.<locals>.f at 0x7fa364bd7ec0> triggered tf.function retracing. Tracing is expensive and the excessive number of tracings could be due to (1) creating @tf.function repeatedly in a loop, (2) passing tensors with different shapes, (3) passing Python objects instead of tensors. For (1), please define your @tf.function outside of the loop. For (2), @tf.function has reduce_retracing=True option that can avoid unnecessary retracing. For (3), please refer to https://www.tensorflow.org/guide/function#controlling_retracing and https://www.tensorflow.org/api_docs/python/tf/function for  more details.
20:26:31 - absl - INFO - Sharding callback duration: 18
Checkpoint saved at step 1500
20:54:27 - absl - INFO - Sharding callback duration: 11
Checkpoint saved at step 2000
21:22:51 - absl - INFO - Sharding callback duration: 12
Checkpoint saved at step 2500
Saved plot to results/baseline/depth_6/seed_19/training_history.png

======================================================================
EXPERIMENT SUMMARY
======================================================================
  Test accuracy: 87.00%
  Test loss:     0.3232
  Training time: 5149.15s
  Mean param-gradient variance: 6.043e-03
  n_parameters:  96
  Metrics saved to: results/baseline/depth_6/seed_19/metrics.json
======================================================================
