2026-09-09 12:57:26.588674: E external/local_xla/xla/stream_executor/cuda/cuda_fft.cc:479] Unable to register cuFFT factory: Attempting to register factory for plugin cuFFT when one has already been registered
2026-09-09 12:57:26.660620: E external/local_xla/xla/stream_executor/cuda/cuda_dnn.cc:10575] Unable to register cuDNN factory: Attempting to register factory for plugin cuDNN when one has already been registered
2026-09-09 12:57:26.660722: E external/local_xla/xla/stream_executor/cuda/cuda_blas.cc:1442] Unable to register cuBLAS factory: Attempting to register factory for plugin cuBLAS when one has already been registered
12:57:36 - src.utils.config_validator - INFO - Configuration validation passed
======================================================================
BASELINE EXPERIMENT
======================================================================
  Layers: 6   Qubits: 8
  Cost function: global
  Total updates: 2500
  Learning rate: 0.01   Batch size: 20
  Seed index: 9
  data_seed=69  init_seed=70  training_seed=71
  Train size: 1000   Test size: 200
Resuming from step 1000 of 2500 (checkpoint results/baseline/depth_6/seed_9/checkpoint/ckpt-2)
2026-09-09 12:57:40.252590: E tensorflow/core/util/util.cc:131] oneDNN supports DT_STRING only on platforms with AVX-512. Falling back to the default Eigen-based implementation if present.
WARNING: All log messages before absl::InitializeLog() is called are written to STDERR
I0000 00:00:1788940662.260311    1988 service.cc:145] XLA service 0x611ab8cc66d0 initialized for platform CUDA (this does not guarantee that XLA will be used). Devices:
I0000 00:00:1788940662.260417    1988 service.cc:153]   StreamExecutor device (0): NVIDIA GeForce GTX 1650, Compute Capability 7.5
I0000 00:00:1788940662.378470    1988 device_compiler.h:188] Compiled cluster using XLA!  This line is logged at most once for the lifetime of the process.
WARNING:tensorflow:5 out of the last 5 calls to <function pfor.<locals>.f at 0x71cdb02f91c0> triggered tf.function retracing. Tracing is expensive and the excessive number of tracings could be due to (1) creating @tf.function repeatedly in a loop, (2) passing tensors with different shapes, (3) passing Python objects instead of tensors. For (1), please define your @tf.function outside of the loop. For (2), @tf.function has reduce_retracing=True option that can avoid unnecessary retracing. For (3), please refer to https://www.tensorflow.org/guide/function#controlling_retracing and https://www.tensorflow.org/api_docs/python/tf/function for  more details.
13:00:45 - tensorflow - WARNING - 5 out of the last 5 calls to <function pfor.<locals>.f at 0x71cdb02f91c0> triggered tf.function retracing. Tracing is expensive and the excessive number of tracings could be due to (1) creating @tf.function repeatedly in a loop, (2) passing tensors with different shapes, (3) passing Python objects instead of tensors. For (1), please define your @tf.function outside of the loop. For (2), @tf.function has reduce_retracing=True option that can avoid unnecessary retracing. For (3), please refer to https://www.tensorflow.org/guide/function#controlling_retracing and https://www.tensorflow.org/api_docs/python/tf/function for  more details.
WARNING:tensorflow:6 out of the last 6 calls to <function pfor.<locals>.f at 0x71cdb02f91c0> triggered tf.function retracing. Tracing is expensive and the excessive number of tracings could be due to (1) creating @tf.function repeatedly in a loop, (2) passing tensors with different shapes, (3) passing Python objects instead of tensors. For (1), please define your @tf.function outside of the loop. For (2), @tf.function has reduce_retracing=True option that can avoid unnecessary retracing. For (3), please refer to https://www.tensorflow.org/guide/function#controlling_retracing and https://www.tensorflow.org/api_docs/python/tf/function for  more details.
13:01:21 - tensorflow - WARNING - 6 out of the last 6 calls to <function pfor.<locals>.f at 0x71cdb02f91c0> triggered tf.function retracing. Tracing is expensive and the excessive number of tracings could be due to (1) creating @tf.function repeatedly in a loop, (2) passing tensors with different shapes, (3) passing Python objects instead of tensors. For (1), please define your @tf.function outside of the loop. For (2), @tf.function has reduce_retracing=True option that can avoid unnecessary retracing. For (3), please refer to https://www.tensorflow.org/guide/function#controlling_retracing and https://www.tensorflow.org/api_docs/python/tf/function for  more details.
13:29:23 - absl - INFO - Sharding callback duration: 36
Checkpoint saved at step 1500
13:55:08 - absl - INFO - Sharding callback duration: 15
Checkpoint saved at step 2000
14:23:54 - absl - INFO - Sharding callback duration: 14
Checkpoint saved at step 2500
Saved plot to results/baseline/depth_6/seed_9/training_history.png

======================================================================
EXPERIMENT SUMMARY
======================================================================
  Test accuracy: 86.50%
  Test loss:     0.3171
  Training time: 5176.19s
  Mean param-gradient variance: 1.045e-02
  n_parameters:  96
  Metrics saved to: results/baseline/depth_6/seed_9/metrics.json
======================================================================
