2026-08-25 15:48:19.116312: E external/local_xla/xla/stream_executor/cuda/cuda_fft.cc:479] Unable to register cuFFT factory: Attempting to register factory for plugin cuFFT when one has already been registered
2026-08-25 15:48:19.135645: E external/local_xla/xla/stream_executor/cuda/cuda_dnn.cc:10575] Unable to register cuDNN factory: Attempting to register factory for plugin cuDNN when one has already been registered
2026-08-25 15:48:19.135716: E external/local_xla/xla/stream_executor/cuda/cuda_blas.cc:1442] Unable to register cuBLAS factory: Attempting to register factory for plugin cuBLAS when one has already been registered
15:48:26 - src.utils.config_validator - INFO - Configuration validation passed
======================================================================
BASELINE EXPERIMENT
======================================================================
  Layers: 6   Qubits: 8
  Cost function: global
  Total updates: 2500
  Learning rate: 0.01   Batch size: 20
  Seed index: 4
  data_seed=54  init_seed=55  training_seed=56
  Train size: 1000   Test size: 200
No checkpoint found in results/baseline/depth_6/seed_4/checkpoint; starting fresh
2026-08-25 15:48:30.597650: E tensorflow/core/util/util.cc:131] oneDNN supports DT_STRING only on platforms with AVX-512. Falling back to the default Eigen-based implementation if present.
WARNING: All log messages before absl::InitializeLog() is called are written to STDERR
I0000 00:00:1787654912.714378   11659 service.cc:145] XLA service 0x584058f00100 initialized for platform CUDA (this does not guarantee that XLA will be used). Devices:
I0000 00:00:1787654912.714454   11659 service.cc:153]   StreamExecutor device (0): NVIDIA GeForce GTX 1650, Compute Capability 7.5
I0000 00:00:1787654912.794059   11659 device_compiler.h:188] Compiled cluster using XLA!  This line is logged at most once for the lifetime of the process.
WARNING:tensorflow:5 out of the last 5 calls to <function pfor.<locals>.f at 0x70ce426a3e20> triggered tf.function retracing. Tracing is expensive and the excessive number of tracings could be due to (1) creating @tf.function repeatedly in a loop, (2) passing tensors with different shapes, (3) passing Python objects instead of tensors. For (1), please define your @tf.function outside of the loop. For (2), @tf.function has reduce_retracing=True option that can avoid unnecessary retracing. For (3), please refer to https://www.tensorflow.org/guide/function#controlling_retracing and https://www.tensorflow.org/api_docs/python/tf/function for  more details.
15:51:18 - tensorflow - WARNING - 5 out of the last 5 calls to <function pfor.<locals>.f at 0x70ce426a3e20> triggered tf.function retracing. Tracing is expensive and the excessive number of tracings could be due to (1) creating @tf.function repeatedly in a loop, (2) passing tensors with different shapes, (3) passing Python objects instead of tensors. For (1), please define your @tf.function outside of the loop. For (2), @tf.function has reduce_retracing=True option that can avoid unnecessary retracing. For (3), please refer to https://www.tensorflow.org/guide/function#controlling_retracing and https://www.tensorflow.org/api_docs/python/tf/function for  more details.
WARNING:tensorflow:6 out of the last 6 calls to <function pfor.<locals>.f at 0x70ce426a3e20> triggered tf.function retracing. Tracing is expensive and the excessive number of tracings could be due to (1) creating @tf.function repeatedly in a loop, (2) passing tensors with different shapes, (3) passing Python objects instead of tensors. For (1), please define your @tf.function outside of the loop. For (2), @tf.function has reduce_retracing=True option that can avoid unnecessary retracing. For (3), please refer to https://www.tensorflow.org/guide/function#controlling_retracing and https://www.tensorflow.org/api_docs/python/tf/function for  more details.
15:51:52 - tensorflow - WARNING - 6 out of the last 6 calls to <function pfor.<locals>.f at 0x70ce426a3e20> triggered tf.function retracing. Tracing is expensive and the excessive number of tracings could be due to (1) creating @tf.function repeatedly in a loop, (2) passing tensors with different shapes, (3) passing Python objects instead of tensors. For (1), please define your @tf.function outside of the loop. For (2), @tf.function has reduce_retracing=True option that can avoid unnecessary retracing. For (3), please refer to https://www.tensorflow.org/guide/function#controlling_retracing and https://www.tensorflow.org/api_docs/python/tf/function for  more details.
16:16:38 - absl - INFO - Sharding callback duration: 53
Checkpoint saved at step 500
16:42:36 - absl - INFO - Sharding callback duration: 17
Checkpoint saved at step 1000
17:08:29 - absl - INFO - Sharding callback duration: 9
Checkpoint saved at step 1500
17:34:29 - absl - INFO - Sharding callback duration: 13
Checkpoint saved at step 2000
18:01:29 - absl - INFO - Sharding callback duration: 22
Checkpoint saved at step 2500
Saved plot to results/baseline/depth_6/seed_4/training_history.png

======================================================================
EXPERIMENT SUMMARY
======================================================================
  Test accuracy: 90.50%
  Test loss:     0.2953
  Training time: 7981.35s
  Mean param-gradient variance: 6.467e-03
  n_parameters:  96
  Metrics saved to: results/baseline/depth_6/seed_4/metrics.json
======================================================================
